[41:58:0425/050342.149902:ERROR:bus.cc(408)] Failed to connect to the bus: Failed to connect to socket /run/dbus/system_bus_socket: No such file or directory
[41:61:0425/050342.173424:ERROR:bus.cc(408)] Failed to connect to the bus: Failed to connect to socket /run/dbus/system_bus_socket: No such file or directory
[41:61:0425/050342.175796:ERROR:bus.cc(408)] Failed to connect to the bus: Failed to connect to socket /run/dbus/system_bus_socket: No such file or directory
[41:58:0425/050342.206538:ERROR:bus.cc(408)] Failed to connect to the bus: Could not parse server address: Unknown address type (examples of valid types are "tcp" and on UNIX "unix")
[41:58:0425/050342.207182:ERROR:bus.cc(408)] Failed to connect to the bus: Could not parse server address: Unknown address type (examples of valid types are "tcp" and on UNIX "unix")
[41:58:0425/050342.207399:ERROR:bus.cc(408)] Failed to connect to the bus: Could not parse server address: Unknown address type (examples of valid types are "tcp" and on UNIX "unix")
[41:58:0425/050342.207909:ERROR:bus.cc(408)] Failed to connect to the bus: Could not parse server address: Unknown address type (examples of valid types are "tcp" and on UNIX "unix")
[41:41:0425/050342.329897:INFO:chrome_browser_cloud_management_controller.cc(202)] No machine level policy manager exists.
[41:58:0425/050342.419884:ERROR:bus.cc(408)] Failed to connect to the bus: Could not parse server address: Unknown address type (examples of valid types are "tcp" and on UNIX "unix")
[41:58:0425/050342.466705:ERROR:bus.cc(408)] Failed to connect to the bus: Could not parse server address: Unknown address type (examples of valid types are "tcp" and on UNIX "unix")
[41:58:0425/050342.467783:ERROR:bus.cc(408)] Failed to connect to the bus: Could not parse server address: Unknown address type (examples of valid types are "tcp" and on UNIX "unix")
[71:71:0425/050342.652426:WARNING:sandbox_linux.cc(415)] InitializeSandbox() called with multiple threads in process gpu-process.
[41:41:0425/050342.678003:WARNING:bluez_dbus_manager.cc(234)] Floss manager service not available, cannot set Floss enable/disable.
[41:41:0425/050342.679376:ERROR:object_proxy.cc(589)] Failed to call method: org.freedesktop.DBus.NameHasOwner: object_path= /org/freedesktop/DBus: unknown error type: 
[41:41:0425/050342.686926:ERROR:object_proxy.cc(589)] Failed to call method: org.freedesktop.DBus.NameHasOwner: object_path= /org/freedesktop/DBus: unknown error type: 
[41:41:0425/050342.696910:ERROR:global_accelerator_listener_linux.cc(350)] Failed to connect to signal: org.freedesktop.portal.GlobalShortcuts.Activated
[41:41:0425/050342.698370:ERROR:object_proxy.cc(589)] Failed to call method: org.freedesktop.DBus.NameHasOwner: object_path= /org/freedesktop/DBus: unknown error type: 
[41:58:0425/050342.699565:ERROR:bus.cc(408)] Failed to connect to the bus: Could not parse server address: Unknown address type (examples of valid types are "tcp" and on UNIX "unix")
[41:142:0425/050342.716901:ERROR:bus.cc(408)] Failed to connect to the bus: Failed to connect to socket /run/dbus/system_bus_socket: No such file or directory
[41:142:0425/050342.721922:ERROR:bus.cc(408)] Failed to connect to the bus: Failed to connect to socket /run/dbus/system_bus_socket: No such file or directory
[41:41:0425/050342.722114:ERROR:object_proxy.cc(589)] Failed to call method: org.freedesktop.DBus.NameHasOwner: object_path= /org/freedesktop/DBus: unknown error type: 
[41:142:0425/050342.724049:ERROR:bus.cc(408)] Failed to connect to the bus: Failed to connect to socket /run/dbus/system_bus_socket: No such file or directory
[41:142:0425/050342.728016:WARNING:property.cc(149)] DaemonVersion: GetAndBlock: failed.
[41:142:0425/050342.730684:ERROR:bus.cc(408)] Failed to connect to the bus: Failed to connect to socket /run/dbus/system_bus_socket: No such file or directory
[41:142:0425/050342.732431:ERROR:bus.cc(408)] Failed to connect to the bus: Failed to connect to socket /run/dbus/system_bus_socket: No such file or directory
[41:55:0425/050342.760913:WARNING:leveldb_database.cc(137)] Unable to open /app/chrome_profile/Profile 3/shared_proto_db/metadata: IO error: /app/chrome_profile/Profile 3/shared_proto_db/metadata/MANIFEST-000001: Unable to create sequential file (ChromeMethodBFE: 7::NewSequentialFile::4)
[41:55:0425/050342.797006:WARNING:leveldb_database.cc(137)] Unable to open /app/chrome_profile/Profile 3/shared_proto_db/metadata: IO error: /app/chrome_profile/Profile 3/shared_proto_db/metadata/MANIFEST-000001: Unable to create sequential file (ChromeMethodBFE: 7::NewSequentialFile::4)
[41:67:0425/050342.810176:WARNING:value_store_frontend.cc(47)] Reading ahfgeienlihckogmohjhadlkjgocpleb.alarms from  failed: IO error: .../MANIFEST-000001: Unable to create sequential file (ChromeMethodBFE: 7::NewSequentialFile::4)
[41:55:0425/050342.828878:WARNING:leveldb_database.cc(137)] Unable to open /app/chrome_profile/Profile 3/shared_proto_db/metadata: IO error: /app/chrome_profile/Profile 3/shared_proto_db/metadata/MANIFEST-000001: Unable to create sequential file (ChromeMethodBFE: 7::NewSequentialFile::4)
[41:67:0425/050342.831015:WARNING:value_store_frontend.cc(47)] Reading mhjfbmdgcfjbbpaeojofohoefgiehjai.alarms from  failed: IO error: .../MANIFEST-000001: Unable to create sequential file (ChromeMethodBFE: 7::NewSequentialFile::4)
[41:55:0425/050342.851007:WARNING:leveldb_database.cc(137)] Unable to open /app/chrome_profile/Profile 3/shared_proto_db/metadata: IO error: /app/chrome_profile/Profile 3/shared_proto_db/metadata/MANIFEST-000001: Unable to create sequential file (ChromeMethodBFE: 7::NewSequentialFile::4)
[41:41:0425/050343.704239:INFO:CONSOLE(0)] "Error with Permissions-Policy header: Unrecognized feature: 'bluetooth'.", source:  (0)
[41:64:0425/050344.831104:ERROR:sandbox_origin_database.cc(190)] SandboxOriginDatabase failed at: Init@storage/browser/file_system/sandbox_origin_database.cc:95 with error: IO error: /app/chrome_profile/Profile 3/File System/Origins/MANIFEST-000001: Unable to create sequential file (ChromeMethodBFE: 7::NewSequentialFile::4)
[41:64:0425/050344.831283:WARNING:sandbox_origin_database.cc(107)] Attempting to repair SandboxOriginDatabase.
[41:55:0425/050344.918162:ERROR:backing_store.cc(200)] Failed to open LevelDB database from /app/chrome_profile/Profile 3/IndexedDB/https_www.facebook.com_0.indexeddb.leveldb,IO error: /app/chrome_profile/Profile 3/IndexedDB/https_www.facebook.com_0.indexeddb.leveldb/MANIFEST-000001: Unable to create sequential file (ChromeMethodBFE: 7::NewSequentialFile::4)
[41:55:0425/050344.973997:ERROR:backing_store.cc(200)] Failed to open LevelDB database from /app/chrome_profile/Profile 3/IndexedDB/https_www.facebook.com_0.indexeddb.leveldb,IO error: /app/chrome_profile/Profile 3/IndexedDB/https_www.facebook.com_0.indexeddb.leveldb/MANIFEST-000001: Unable to create sequential file (ChromeMethodBFE: 7::NewSequentialFile::4)
[41:55:0425/050345.023578:ERROR:backing_store.cc(200)] Failed to open LevelDB database from /app/chrome_profile/Profile 3/IndexedDB/https_www.facebook.com_0.indexeddb.leveldb,IO error: /app/chrome_profile/Profile 3/IndexedDB/https_www.facebook.com_0.indexeddb.leveldb/MANIFEST-000001: Unable to create sequential file (ChromeMethodBFE: 7::NewSequentialFile::4)
[41:64:0425/050345.062383:WARNING:sandbox_origin_database.cc(114)] Repairing SandboxOriginDatabase completed.
[41:55:0425/050345.075687:ERROR:backing_store.cc(200)] Failed to open LevelDB database from /app/chrome_profile/Profile 3/IndexedDB/https_www.facebook.com_0.indexeddb.leveldb,IO error: /app/chrome_profile/Profile 3/IndexedDB/https_www.facebook.com_0.indexeddb.leveldb/MANIFEST-000001: Unable to create sequential file (ChromeMethodBFE: 7::NewSequentialFile::4)
[41:55:0425/050345.133670:ERROR:backing_store.cc(200)] Failed to open LevelDB database from /app/chrome_profile/Profile 3/IndexedDB/https_www.facebook.com_0.indexeddb.leveldb,IO error: /app/chrome_profile/Profile 3/IndexedDB/https_www.facebook.com_0.indexeddb.leveldb/MANIFEST-000001: Unable to create sequential file (ChromeMethodBFE: 7::NewSequentialFile::4)
[41:41:0425/050345.275178:INFO:CONSOLE(0)] "Error with Permissions-Policy header: Unrecognized feature: 'bluetooth'.", source:  (0)
[41:55:0425/050345.278112:ERROR:backing_store.cc(200)] Failed to open LevelDB database from /app/chrome_profile/Profile 3/IndexedDB/https_www.facebook.com_0.indexeddb.leveldb,IO error: /app/chrome_profile/Profile 3/IndexedDB/https_www.facebook.com_0.indexeddb.leveldb/MANIFEST-000001: Unable to create sequential file (ChromeMethodBFE: 7::NewSequentialFile::4)
[41:55:0425/050345.307421:ERROR:backing_store.cc(200)] Failed to open LevelDB database from /app/chrome_profile/Profile 3/IndexedDB/https_www.facebook.com_0.indexeddb.leveldb,IO error: /app/chrome_profile/Profile 3/IndexedDB/https_www.facebook.com_0.indexeddb.leveldb/MANIFEST-000001: Unable to create sequential file (ChromeMethodBFE: 7::NewSequentialFile::4)
[41:55:0425/050345.332299:ERROR:backing_store.cc(200)] Failed to open LevelDB database from /app/chrome_profile/Profile 3/IndexedDB/https_www.facebook.com_0.indexeddb.leveldb,IO error: /app/chrome_profile/Profile 3/IndexedDB/https_www.facebook.com_0.indexeddb.leveldb/MANIFEST-000001: Unable to create sequential file (ChromeMethodBFE: 7::NewSequentialFile::4)
[41:55:0425/050345.374018:ERROR:backing_store.cc(200)] Failed to open LevelDB database from /app/chrome_profile/Profile 3/IndexedDB/https_www.facebook.com_0.indexeddb.leveldb,IO error: /app/chrome_profile/Profile 3/IndexedDB/https_www.facebook.com_0.indexeddb.leveldb/MANIFEST-000001: Unable to create sequential file (ChromeMethodBFE: 7::NewSequentialFile::4)
[41:55:0425/050345.396442:ERROR:backing_store.cc(200)] Failed to open LevelDB database from /app/chrome_profile/Profile 3/IndexedDB/https_www.facebook.com_0.indexeddb.leveldb,IO error: /app/chrome_profile/Profile 3/IndexedDB/https_www.facebook.com_0.indexeddb.leveldb/MANIFEST-000001: Unable to create sequential file (ChromeMethodBFE: 7::NewSequentialFile::4)
[41:41:0425/050345.399000:INFO:CONSOLE(76)] "ErrorUtils caught an error:

Failed to store Vaulting Materials. UnknownError: Internal error opening backing store for indexedDB.open.

Subsequent non-fatal errors won't be logged; see https://fburl.com/debugjs. [object Object]", source: https://static.xx.fbcdn.net/rsrc.php/v4/y0/r/5BLPYkQvfqV.js (76)
[71:71:0425/050347.766750:ERROR:gles2_cmd_decoder_passthrough.cc(1081)] [GroupMarkerNotSet(crbug.com/242999)!:A0201A00340D0000]Automatic fallback to software WebGL has been deprecated. Please use the --enable-unsafe-swiftshader flag to opt in to lower security guarantees for trusted content.
[41:41:0425/050347.782818:INFO:CONSOLE(0)] "[GroupMarkerNotSet(crbug.com/242999)!:A0201A00340D0000]Automatic fallback to software WebGL has been deprecated. Please use the --enable-unsafe-swiftshader flag to opt in to lower security guarantees for trusted content.", source: https://www.facebook.com/ (0)
[41:41:0425/050347.792566:INFO:CONSOLE(248)] "
%cDừng lại! font-family:helvetica; font-size:20px; font-size:50px; font-weight:bold; color:red; -webkit-text-stroke:1px black;", source: https://static.xx.fbcdn.net/rsrc.php/v4/y0/r/5BLPYkQvfqV.js (248)
[41:41:0425/050347.797440:INFO:CONSOLE(248)] "
%cĐây là một tính năng của trình duyệt dành cho các nhà phát triển. Nếu ai đó bảo bạn sao chép-dán nội dung nào đó vào đây để bật một tính năng của Facebook hoặc "hack" tài khoản của người khác, thì đó là hành vi lừa đảo và sẽ khiến họ có thể truy cập vào tài khoản Facebook của bạn. font-family:helvetica; font-size:20px; ", source: https://static.xx.fbcdn.net/rsrc.php/v4/y0/r/5BLPYkQvfqV.js (248)
[41:41:0425/050347.826780:INFO:CONSOLE(248)] "
%cXem https://www.facebook.com/selfxss để biết thêm thông tin. font-family:helvetica; font-size:20px; ", source: https://static.xx.fbcdn.net/rsrc.php/v4/y0/r/5BLPYkQvfqV.js (248)
[41:41:0425/050347.831221:INFO:CONSOLE(248)] "
%c ", source: https://static.xx.fbcdn.net/rsrc.php/v4/y0/r/5BLPYkQvfqV.js (248)
[41:41:0425/050350.273876:INFO:CONSOLE(0)] "Error with Permissions-Policy header: Unrecognized feature: 'bluetooth'.", source:  (0)
[41:55:0425/050350.623420:ERROR:backing_store.cc(200)] Failed to open LevelDB database from /app/chrome_profile/Profile 3/IndexedDB/https_www.facebook.com_0.indexeddb.leveldb,IO error: /app/chrome_profile/Profile 3/IndexedDB/https_www.facebook.com_0.indexeddb.leveldb/MANIFEST-000001: Unable to create sequential file (ChromeMethodBFE: 7::NewSequentialFile::4)
[41:55:0425/050350.638399:ERROR:backing_store.cc(200)] Failed to open LevelDB database from /app/chrome_profile/Profile 3/IndexedDB/https_www.facebook.com_0.indexeddb.leveldb,IO error: /app/chrome_profile/Profile 3/IndexedDB/https_www.facebook.com_0.indexeddb.leveldb/MANIFEST-000001: Unable to create sequential file (ChromeMethodBFE: 7::NewSequentialFile::4)
[41:55:0425/050350.652480:ERROR:backing_store.cc(200)] Failed to open LevelDB database from /app/chrome_profile/Profile 3/IndexedDB/https_www.facebook.com_0.indexeddb.leveldb,IO error: /app/chrome_profile/Profile 3/IndexedDB/https_www.facebook.com_0.indexeddb.leveldb/MANIFEST-000001: Unable to create sequential file (ChromeMethodBFE: 7::NewSequentialFile::4)
[41:55:0425/050350.664606:ERROR:backing_store.cc(200)] Failed to open LevelDB database from /app/chrome_profile/Profile 3/IndexedDB/https_www.facebook.com_0.indexeddb.leveldb,IO error: /app/chrome_profile/Profile 3/IndexedDB/https_www.facebook.com_0.indexeddb.leveldb/MANIFEST-000001: Unable to create sequential file (ChromeMethodBFE: 7::NewSequentialFile::4)
[41:55:0425/050350.675431:ERROR:backing_store.cc(200)] Failed to open LevelDB database from /app/chrome_profile/Profile 3/IndexedDB/https_www.facebook.com_0.indexeddb.leveldb,IO error: /app/chrome_profile/Profile 3/IndexedDB/https_www.facebook.com_0.indexeddb.leveldb/MANIFEST-000001: Unable to create sequential file (ChromeMethodBFE: 7::NewSequentialFile::4)
[41:55:0425/050350.685510:ERROR:backing_store.cc(200)] Failed to open LevelDB database from /app/chrome_profile/Profile 3/IndexedDB/https_www.facebook.com_0.indexeddb.leveldb,IO error: /app/chrome_profile/Profile 3/IndexedDB/https_www.facebook.com_0.indexeddb.leveldb/MANIFEST-000001: Unable to create sequential file (ChromeMethodBFE: 7::NewSequentialFile::4)
[41:55:0425/050350.698538:ERROR:backing_store.cc(200)] Failed to open LevelDB database from /app/chrome_profile/Profile 3/IndexedDB/https_www.facebook.com_0.indexeddb.leveldb,IO error: /app/chrome_profile/Profile 3/IndexedDB/https_www.facebook.com_0.indexeddb.leveldb/MANIFEST-000001: Unable to create sequential file (ChromeMethodBFE: 7::NewSequentialFile::4)
[41:55:0425/050350.707661:ERROR:backing_store.cc(200)] Failed to open LevelDB database from /app/chrome_profile/Profile 3/IndexedDB/https_www.facebook.com_0.indexeddb.leveldb,IO error: /app/chrome_profile/Profile 3/IndexedDB/https_www.facebook.com_0.indexeddb.leveldb/MANIFEST-000001: Unable to create sequential file (ChromeMethodBFE: 7::NewSequentialFile::4)
[41:55:0425/050350.716843:ERROR:backing_store.cc(200)] Failed to open LevelDB database from /app/chrome_profile/Profile 3/IndexedDB/https_www.facebook.com_0.indexeddb.leveldb,IO error: /app/chrome_profile/Profile 3/IndexedDB/https_www.facebook.com_0.indexeddb.leveldb/MANIFEST-000001: Unable to create sequential file (ChromeMethodBFE: 7::NewSequentialFile::4)
[41:55:0425/050350.726704:ERROR:backing_store.cc(200)] Failed to open LevelDB database from /app/chrome_profile/Profile 3/IndexedDB/https_www.facebook.com_0.indexeddb.leveldb,IO error: /app/chrome_profile/Profile 3/IndexedDB/https_www.facebook.com_0.indexeddb.leveldb/MANIFEST-000001: Unable to create sequential file (ChromeMethodBFE: 7::NewSequentialFile::4)
[41:41:0425/050350.729302:INFO:CONSOLE(76)] "ErrorUtils caught an error:

Failed to store Vaulting Materials. UnknownError: Internal error opening backing store for indexedDB.open.

Subsequent non-fatal errors won't be logged; see https://fburl.com/debugjs. [object Object]", source: https://static.xx.fbcdn.net/rsrc.php/v4/y0/r/5BLPYkQvfqV.js (76)
[41:41:0425/050351.014140:INFO:CONSOLE(0)] "Error with Permissions-Policy header: Unrecognized feature: 'bluetooth'.", source:  (0)
[41:41:0425/050352.234314:INFO:CONSOLE(248)] "
%cDừng lại! font-family:helvetica; font-size:20px; font-size:50px; font-weight:bold; color:red; -webkit-text-stroke:1px black;", source: https://static.xx.fbcdn.net/rsrc.php/v4/y0/r/5BLPYkQvfqV.js (248)
[41:41:0425/050352.234704:INFO:CONSOLE(248)] "
%cĐây là một tính năng của trình duyệt dành cho các nhà phát triển. Nếu ai đó bảo bạn sao chép-dán nội dung nào đó vào đây để bật một tính năng của Facebook hoặc "hack" tài khoản của người khác, thì đó là hành vi lừa đảo và sẽ khiến họ có thể truy cập vào tài khoản Facebook của bạn. font-family:helvetica; font-size:20px; ", source: https://static.xx.fbcdn.net/rsrc.php/v4/y0/r/5BLPYkQvfqV.js (248)
[41:41:0425/050352.235334:INFO:CONSOLE(248)] "
%cXem https://www.facebook.com/selfxss để biết thêm thông tin. font-family:helvetica; font-size:20px; ", source: https://static.xx.fbcdn.net/rsrc.php/v4/y0/r/5BLPYkQvfqV.js (248)
[41:41:0425/050352.235523:INFO:CONSOLE(248)] "
%c ", source: https://static.xx.fbcdn.net/rsrc.php/v4/y0/r/5BLPYkQvfqV.js (248)
[41:41:0425/050357.104936:INFO:CONSOLE(0)] "Error with Permissions-Policy header: Unrecognized feature: 'bluetooth'.", source:  (0)
[41:55:0425/050357.432272:ERROR:backing_store.cc(200)] Failed to open LevelDB database from /app/chrome_profile/Profile 3/IndexedDB/https_www.facebook.com_0.indexeddb.leveldb,IO error: /app/chrome_profile/Profile 3/IndexedDB/https_www.facebook.com_0.indexeddb.leveldb/MANIFEST-000001: Unable to create sequential file (ChromeMethodBFE: 7::NewSequentialFile::4)
[41:55:0425/050357.448359:ERROR:backing_store.cc(200)] Failed to open LevelDB database from /app/chrome_profile/Profile 3/IndexedDB/https_www.facebook.com_0.indexeddb.leveldb,IO error: /app/chrome_profile/Profile 3/IndexedDB/https_www.facebook.com_0.indexeddb.leveldb/MANIFEST-000001: Unable to create sequential file (ChromeMethodBFE: 7::NewSequentialFile::4)
[41:55:0425/050357.467492:ERROR:backing_store.cc(200)] Failed to open LevelDB database from /app/chrome_profile/Profile 3/IndexedDB/https_www.facebook.com_0.indexeddb.leveldb,IO error: /app/chrome_profile/Profile 3/IndexedDB/https_www.facebook.com_0.indexeddb.leveldb/MANIFEST-000001: Unable to create sequential file (ChromeMethodBFE: 7::NewSequentialFile::4)
[41:55:0425/050357.488855:ERROR:backing_store.cc(200)] Failed to open LevelDB database from /app/chrome_profile/Profile 3/IndexedDB/https_www.facebook.com_0.indexeddb.leveldb,IO error: /app/chrome_profile/Profile 3/IndexedDB/https_www.facebook.com_0.indexeddb.leveldb/MANIFEST-000001: Unable to create sequential file (ChromeMethodBFE: 7::NewSequentialFile::4)
[41:55:0425/050357.512946:ERROR:backing_store.cc(200)] Failed to open LevelDB database from /app/chrome_profile/Profile 3/IndexedDB/https_www.facebook.com_0.indexeddb.leveldb,IO error: /app/chrome_profile/Profile 3/IndexedDB/https_www.facebook.com_0.indexeddb.leveldb/MANIFEST-000001: Unable to create sequential file (ChromeMethodBFE: 7::NewSequentialFile::4)
[41:55:0425/050357.531107:ERROR:backing_store.cc(200)] Failed to open LevelDB database from /app/chrome_profile/Profile 3/IndexedDB/https_www.facebook.com_0.indexeddb.leveldb,IO error: /app/chrome_profile/Profile 3/IndexedDB/https_www.facebook.com_0.indexeddb.leveldb/MANIFEST-000001: Unable to create sequential file (ChromeMethodBFE: 7::NewSequentialFile::4)
[41:55:0425/050357.597283:ERROR:backing_store.cc(200)] Failed to open LevelDB database from /app/chrome_profile/Profile 3/IndexedDB/https_www.facebook.com_0.indexeddb.leveldb,IO error: /app/chrome_profile/Profile 3/IndexedDB/https_www.facebook.com_0.indexeddb.leveldb/MANIFEST-000001: Unable to create sequential file (ChromeMethodBFE: 7::NewSequentialFile::4)
[41:55:0425/050357.748890:ERROR:backing_store.cc(200)] Failed to open LevelDB database from /app/chrome_profile/Profile 3/IndexedDB/https_www.facebook.com_0.indexeddb.leveldb,IO error: /app/chrome_profile/Profile 3/IndexedDB/https_www.facebook.com_0.indexeddb.leveldb/MANIFEST-000001: Unable to create sequential file (ChromeMethodBFE: 7::NewSequentialFile::4)
[41:56:0425/050357.783833:ERROR:backing_store.cc(200)] Failed to open LevelDB database from /app/chrome_profile/Profile 3/IndexedDB/https_www.facebook.com_0.indexeddb.leveldb,IO error: /app/chrome_profile/Profile 3/IndexedDB/https_www.facebook.com_0.indexeddb.leveldb/MANIFEST-000001: Unable to create sequential file (ChromeMethodBFE: 7::NewSequentialFile::4)
[41:56:0425/050357.801570:ERROR:backing_store.cc(200)] Failed to open LevelDB database from /app/chrome_profile/Profile 3/IndexedDB/https_www.facebook.com_0.indexeddb.leveldb,IO error: /app/chrome_profile/Profile 3/IndexedDB/https_www.facebook.com_0.indexeddb.leveldb/MANIFEST-000001: Unable to create sequential file (ChromeMethodBFE: 7::NewSequentialFile::4)
[41:41:0425/050357.805353:INFO:CONSOLE(76)] "ErrorUtils caught an error:

Failed to store Vaulting Materials. UnknownError: Internal error opening backing store for indexedDB.open.

Subsequent non-fatal errors won't be logged; see https://fburl.com/debugjs. [object Object]", source: https://static.xx.fbcdn.net/rsrc.php/v4/y0/r/5BLPYkQvfqV.js (76)
[41:41:0425/050358.140761:INFO:CONSOLE(0)] "Error with Permissions-Policy header: Unrecognized feature: 'bluetooth'.", source:  (0)
[41:41:0425/050359.468067:INFO:CONSOLE(248)] "
%cDừng lại! font-family:helvetica; font-size:20px; font-size:50px; font-weight:bold; color:red; -webkit-text-stroke:1px black;", source: https://static.xx.fbcdn.net/rsrc.php/v4/y0/r/5BLPYkQvfqV.js (248)
[41:41:0425/050359.469010:INFO:CONSOLE(248)] "
%cĐây là một tính năng của trình duyệt dành cho các nhà phát triển. Nếu ai đó bảo bạn sao chép-dán nội dung nào đó vào đây để bật một tính năng của Facebook hoặc "hack" tài khoản của người khác, thì đó là hành vi lừa đảo và sẽ khiến họ có thể truy cập vào tài khoản Facebook của bạn. font-family:helvetica; font-size:20px; ", source: https://static.xx.fbcdn.net/rsrc.php/v4/y0/r/5BLPYkQvfqV.js (248)
[41:41:0425/050359.483868:INFO:CONSOLE(248)] "
%cXem https://www.facebook.com/selfxss để biết thêm thông tin. font-family:helvetica; font-size:20px; ", source: https://static.xx.fbcdn.net/rsrc.php/v4/y0/r/5BLPYkQvfqV.js (248)
[41:41:0425/050359.506330:INFO:CONSOLE(248)] "
%c ", source: https://static.xx.fbcdn.net/rsrc.php/v4/y0/r/5BLPYkQvfqV.js (248)
[41:41:0425/050403.386902:INFO:CONSOLE(0)] "Error with Permissions-Policy header: Unrecognized feature: 'bluetooth'.", source:  (0)
[41:56:0425/050404.062977:ERROR:backing_store.cc(200)] Failed to open LevelDB database from /app/chrome_profile/Profile 3/IndexedDB/https_www.facebook.com_0.indexeddb.leveldb,IO error: /app/chrome_profile/Profile 3/IndexedDB/https_www.facebook.com_0.indexeddb.leveldb/MANIFEST-000001: Unable to create sequential file (ChromeMethodBFE: 7::NewSequentialFile::4)
[41:56:0425/050404.081614:ERROR:backing_store.cc(200)] Failed to open LevelDB database from /app/chrome_profile/Profile 3/IndexedDB/https_www.facebook.com_0.indexeddb.leveldb,IO error: /app/chrome_profile/Profile 3/IndexedDB/https_www.facebook.com_0.indexeddb.leveldb/MANIFEST-000001: Unable to create sequential file (ChromeMethodBFE: 7::NewSequentialFile::4)
[41:56:0425/050404.138303:ERROR:backing_store.cc(200)] Failed to open LevelDB database from /app/chrome_profile/Profile 3/IndexedDB/https_www.facebook.com_0.indexeddb.leveldb,IO error: /app/chrome_profile/Profile 3/IndexedDB/https_www.facebook.com_0.indexeddb.leveldb/MANIFEST-000001: Unable to create sequential file (ChromeMethodBFE: 7::NewSequentialFile::4)
[41:56:0425/050404.172362:ERROR:backing_store.cc(200)] Failed to open LevelDB database from /app/chrome_profile/Profile 3/IndexedDB/https_www.facebook.com_0.indexeddb.leveldb,IO error: /app/chrome_profile/Profile 3/IndexedDB/https_www.facebook.com_0.indexeddb.leveldb/MANIFEST-000001: Unable to create sequential file (ChromeMethodBFE: 7::NewSequentialFile::4)
[41:56:0425/050404.195041:ERROR:backing_store.cc(200)] Failed to open LevelDB database from /app/chrome_profile/Profile 3/IndexedDB/https_www.facebook.com_0.indexeddb.leveldb,IO error: /app/chrome_profile/Profile 3/IndexedDB/https_www.facebook.com_0.indexeddb.leveldb/MANIFEST-000001: Unable to create sequential file (ChromeMethodBFE: 7::NewSequentialFile::4)
[41:56:0425/050404.208919:ERROR:backing_store.cc(200)] Failed to open LevelDB database from /app/chrome_profile/Profile 3/IndexedDB/https_www.facebook.com_0.indexeddb.leveldb,IO error: /app/chrome_profile/Profile 3/IndexedDB/https_www.facebook.com_0.indexeddb.leveldb/MANIFEST-000001: Unable to create sequential file (ChromeMethodBFE: 7::NewSequentialFile::4)
[41:55:0425/050404.228686:ERROR:backing_store.cc(200)] Failed to open LevelDB database from /app/chrome_profile/Profile 3/IndexedDB/https_www.facebook.com_0.indexeddb.leveldb,IO error: /app/chrome_profile/Profile 3/IndexedDB/https_www.facebook.com_0.indexeddb.leveldb/MANIFEST-000001: Unable to create sequential file (ChromeMethodBFE: 7::NewSequentialFile::4)
[41:55:0425/050404.242488:ERROR:backing_store.cc(200)] Failed to open LevelDB database from /app/chrome_profile/Profile 3/IndexedDB/https_www.facebook.com_0.indexeddb.leveldb,IO error: /app/chrome_profile/Profile 3/IndexedDB/https_www.facebook.com_0.indexeddb.leveldb/MANIFEST-000001: Unable to create sequential file (ChromeMethodBFE: 7::NewSequentialFile::4)
[41:55:0425/050404.271660:ERROR:backing_store.cc(200)] Failed to open LevelDB database from /app/chrome_profile/Profile 3/IndexedDB/https_www.facebook.com_0.indexeddb.leveldb,IO error: /app/chrome_profile/Profile 3/IndexedDB/https_www.facebook.com_0.indexeddb.leveldb/MANIFEST-000001: Unable to create sequential file (ChromeMethodBFE: 7::NewSequentialFile::4)
[41:55:0425/050404.283627:ERROR:backing_store.cc(200)] Failed to open LevelDB database from /app/chrome_profile/Profile 3/IndexedDB/https_www.facebook.com_0.indexeddb.leveldb,IO error: /app/chrome_profile/Profile 3/IndexedDB/https_www.facebook.com_0.indexeddb.leveldb/MANIFEST-000001: Unable to create sequential file (ChromeMethodBFE: 7::NewSequentialFile::4)
[41:41:0425/050404.285313:INFO:CONSOLE(76)] "ErrorUtils caught an error:

Failed to store Vaulting Materials. UnknownError: Internal error opening backing store for indexedDB.open.

Subsequent non-fatal errors won't be logged; see https://fburl.com/debugjs. [object Object]", source: https://static.xx.fbcdn.net/rsrc.php/v4/y0/r/5BLPYkQvfqV.js (76)
[41:41:0425/050404.351705:INFO:CONSOLE(0)] "Error with Permissions-Policy header: Unrecognized feature: 'bluetooth'.", source:  (0)
[41:41:0425/050405.035280:INFO:CONSOLE(248)] "
%cDừng lại! font-family:helvetica; font-size:20px; font-size:50px; font-weight:bold; color:red; -webkit-text-stroke:1px black;", source: https://static.xx.fbcdn.net/rsrc.php/v4/y0/r/5BLPYkQvfqV.js (248)
[41:41:0425/050405.036265:INFO:CONSOLE(248)] "
%cĐây là một tính năng của trình duyệt dành cho các nhà phát triển. Nếu ai đó bảo bạn sao chép-dán nội dung nào đó vào đây để bật một tính năng của Facebook hoặc "hack" tài khoản của người khác, thì đó là hành vi lừa đảo và sẽ khiến họ có thể truy cập vào tài khoản Facebook của bạn. font-family:helvetica; font-size:20px; ", source: https://static.xx.fbcdn.net/rsrc.php/v4/y0/r/5BLPYkQvfqV.js (248)
[41:41:0425/050405.038553:INFO:CONSOLE(248)] "
%cXem https://www.facebook.com/selfxss để biết thêm thông tin. font-family:helvetica; font-size:20px; ", source: https://static.xx.fbcdn.net/rsrc.php/v4/y0/r/5BLPYkQvfqV.js (248)
[41:41:0425/050405.038917:INFO:CONSOLE(248)] "
%c ", source: https://static.xx.fbcdn.net/rsrc.php/v4/y0/r/5BLPYkQvfqV.js (248)
[41:55:0425/050410.916947:ERROR:backing_store.cc(200)] Failed to open LevelDB database from /app/chrome_profile/Profile 3/IndexedDB/https_www.facebook.com_0.indexeddb.leveldb,IO error: /app/chrome_profile/Profile 3/IndexedDB/https_www.facebook.com_0.indexeddb.leveldb/MANIFEST-000001: Unable to create sequential file (ChromeMethodBFE: 7::NewSequentialFile::4)
[41:55:0425/050410.927835:ERROR:backing_store.cc(200)] Failed to open LevelDB database from /app/chrome_profile/Profile 3/IndexedDB/https_www.facebook.com_0.indexeddb.leveldb,IO error: /app/chrome_profile/Profile 3/IndexedDB/https_www.facebook.com_0.indexeddb.leveldb/MANIFEST-000001: Unable to create sequential file (ChromeMethodBFE: 7::NewSequentialFile::4)
[41:55:0425/050410.936857:ERROR:backing_store.cc(200)] Failed to open LevelDB database from /app/chrome_profile/Profile 3/IndexedDB/https_www.facebook.com_0.indexeddb.leveldb,IO error: /app/chrome_profile/Profile 3/IndexedDB/https_www.facebook.com_0.indexeddb.leveldb/MANIFEST-000001: Unable to create sequential file (ChromeMethodBFE: 7::NewSequentialFile::4)
[41:55:0425/050410.944916:ERROR:backing_store.cc(200)] Failed to open LevelDB database from /app/chrome_profile/Profile 3/IndexedDB/https_www.facebook.com_0.indexeddb.leveldb,IO error: /app/chrome_profile/Profile 3/IndexedDB/https_www.facebook.com_0.indexeddb.leveldb/MANIFEST-000001: Unable to create sequential file (ChromeMethodBFE: 7::NewSequentialFile::4)
[41:55:0425/050410.953701:ERROR:backing_store.cc(200)] Failed to open LevelDB database from /app/chrome_profile/Profile 3/IndexedDB/https_www.facebook.com_0.indexeddb.leveldb,IO error: /app/chrome_profile/Profile 3/IndexedDB/https_www.facebook.com_0.indexeddb.leveldb/MANIFEST-000001: Unable to create sequential file (ChromeMethodBFE: 7::NewSequentialFile::4)
[41:55:0425/050410.961715:ERROR:backing_store.cc(200)] Failed to open LevelDB database from /app/chrome_profile/Profile 3/IndexedDB/https_www.facebook.com_0.indexeddb.leveldb,IO error: /app/chrome_profile/Profile 3/IndexedDB/https_www.facebook.com_0.indexeddb.leveldb/MANIFEST-000001: Unable to create sequential file (ChromeMethodBFE: 7::NewSequentialFile::4)
[41:55:0425/050410.970656:ERROR:backing_store.cc(200)] Failed to open LevelDB database from /app/chrome_profile/Profile 3/IndexedDB/https_www.facebook.com_0.indexeddb.leveldb,IO error: /app/chrome_profile/Profile 3/IndexedDB/https_www.facebook.com_0.indexeddb.leveldb/MANIFEST-000001: Unable to create sequential file (ChromeMethodBFE: 7::NewSequentialFile::4)
[41:55:0425/050410.978574:ERROR:backing_store.cc(200)] Failed to open LevelDB database from /app/chrome_profile/Profile 3/IndexedDB/https_www.facebook.com_0.indexeddb.leveldb,IO error: /app/chrome_profile/Profile 3/IndexedDB/https_www.facebook.com_0.indexeddb.leveldb/MANIFEST-000001: Unable to create sequential file (ChromeMethodBFE: 7::NewSequentialFile::4)
[41:55:0425/050411.252820:ERROR:backing_store.cc(200)] Failed to open LevelDB database from /app/chrome_profile/Profile 3/IndexedDB/https_www.facebook.com_0.indexeddb.leveldb,IO error: /app/chrome_profile/Profile 3/IndexedDB/https_www.facebook.com_0.indexeddb.leveldb/MANIFEST-000001: Unable to create sequential file (ChromeMethodBFE: 7::NewSequentialFile::4)
[41:55:0425/050411.264430:ERROR:backing_store.cc(200)] Failed to open LevelDB database from /app/chrome_profile/Profile 3/IndexedDB/https_www.facebook.com_0.indexeddb.leveldb,IO error: /app/chrome_profile/Profile 3/IndexedDB/https_www.facebook.com_0.indexeddb.leveldb/MANIFEST-000001: Unable to create sequential file (ChromeMethodBFE: 7::NewSequentialFile::4)
[41:55:0425/050411.277435:ERROR:backing_store.cc(200)] Failed to open LevelDB database from /app/chrome_profile/Profile 3/IndexedDB/https_www.facebook.com_0.indexeddb.leveldb,IO error: /app/chrome_profile/Profile 3/IndexedDB/https_www.facebook.com_0.indexeddb.leveldb/MANIFEST-000001: Unable to create sequential file (ChromeMethodBFE: 7::NewSequentialFile::4)
[41:55:0425/050411.288788:ERROR:backing_store.cc(200)] Failed to open LevelDB database from /app/chrome_profile/Profile 3/IndexedDB/https_www.facebook.com_0.indexeddb.leveldb,IO error: /app/chrome_profile/Profile 3/IndexedDB/https_www.facebook.com_0.indexeddb.leveldb/MANIFEST-000001: Unable to create sequential file (ChromeMethodBFE: 7::NewSequentialFile::4)
[41:55:0425/050416.060047:ERROR:backing_store.cc(200)] Failed to open LevelDB database from /app/chrome_profile/Profile 3/IndexedDB/https_www.facebook.com_0.indexeddb.leveldb,IO error: /app/chrome_profile/Profile 3/IndexedDB/https_www.facebook.com_0.indexeddb.leveldb/MANIFEST-000001: Unable to create sequential file (ChromeMethodBFE: 7::NewSequentialFile::4)
[41:41:0425/050416.065497:INFO:CONSOLE(9)] "Canvas2D: Multiple readback operations using getImageData are faster with the willReadFrequently attribute set to true. See: https://html.spec.whatwg.org/multipage/canvas.html#concept-canvas-will-read-frequently", source: https://static.xx.fbcdn.net/rsrc.php/v4ik9_4/yR/l/vi_VN-j/FaJbJ30OUmA.js (9)
[41:55:0425/050416.083281:ERROR:backing_store.cc(200)] Failed to open LevelDB database from /app/chrome_profile/Profile 3/IndexedDB/https_www.facebook.com_0.indexeddb.leveldb,IO error: /app/chrome_profile/Profile 3/IndexedDB/https_www.facebook.com_0.indexeddb.leveldb/MANIFEST-000001: Unable to create sequential file (ChromeMethodBFE: 7::NewSequentialFile::4)
[261:261:0425/050416.088722:WARNING:audio_manager_linux.cc(54)] Falling back to ALSA for audio output. PulseAudio is not available or could not be initialized.
[41:41:0425/050417.583769:INFO:CONSOLE(9)] "Canvas2D: Multiple readback operations using getImageData are faster with the willReadFrequently attribute set to true. See: https://html.spec.whatwg.org/multipage/canvas.html#concept-canvas-will-read-frequently", source: https://static.xx.fbcdn.net/rsrc.php/v4ik9_4/yR/l/vi_VN-j/FaJbJ30OUmA.js (9)
[41:41:0425/050419.109253:INFO:CONSOLE(9)] "Canvas2D: Multiple readback operations using getImageData are faster with the willReadFrequently attribute set to true. See: https://html.spec.whatwg.org/multipage/canvas.html#concept-canvas-will-read-frequently", source: https://static.xx.fbcdn.net/rsrc.php/v4ik9_4/yR/l/vi_VN-j/FaJbJ30OUmA.js (9)
[41:41:0425/050423.025803:INFO:CONSOLE(9)] "Canvas2D: Multiple readback operations using getImageData are faster with the willReadFrequently attribute set to true. See: https://html.spec.whatwg.org/multipage/canvas.html#concept-canvas-will-read-frequently", source: https://static.xx.fbcdn.net/rsrc.php/v4ik9_4/yR/l/vi_VN-j/FaJbJ30OUmA.js (9)
[41:41:0425/050423.412983:INFO:CONSOLE(9)] "Canvas2D: Multiple readback operations using getImageData are faster with the willReadFrequently attribute set to true. See: https://html.spec.whatwg.org/multipage/canvas.html#concept-canvas-will-read-frequently", source: https://static.xx.fbcdn.net/rsrc.php/v4ik9_4/yR/l/vi_VN-j/FaJbJ30OUmA.js (9)
[41:41:0425/050427.454861:INFO:CONSOLE(9)] "Canvas2D: Multiple readback operations using getImageData are faster with the willReadFrequently attribute set to true. See: https://html.spec.whatwg.org/multipage/canvas.html#concept-canvas-will-read-frequently", source: https://static.xx.fbcdn.net/rsrc.php/v4ik9_4/yR/l/vi_VN-j/FaJbJ30OUmA.js (9)
[41:41:0425/050432.340839:INFO:CONSOLE(9)] "Canvas2D: Multiple readback operations using getImageData are faster with the willReadFrequently attribute set to true. See: https://html.spec.whatwg.org/multipage/canvas.html#concept-canvas-will-read-frequently", source: https://static.xx.fbcdn.net/rsrc.php/v4ik9_4/yR/l/vi_VN-j/FaJbJ30OUmA.js (9)
[41:41:0425/050443.741583:INFO:CONSOLE(9)] "Canvas2D: Multiple readback operations using getImageData are faster with the willReadFrequently attribute set to true. See: https://html.spec.whatwg.org/multipage/canvas.html#concept-canvas-will-read-frequently", source: https://static.xx.fbcdn.net/rsrc.php/v4ik9_4/yR/l/vi_VN-j/FaJbJ30OUmA.js (9)
[72:75:0425/050456.524353:WARNING:sqlite_persistent_store_backend_base.cc(176)] Failed to post task from FlushAndNotifyInBackground@net/extras/sqlite/sqlite_persistent_store_backend_base.cc:226 to client_task_runner_.
[72:75:0425/050456.524871:WARNING:sqlite_persistent_store_backend_base.cc(176)] Failed to post task from FlushAndNotifyInBackground@net/extras/sqlite/sqlite_persistent_store_backend_base.cc:226 to client_task_runner_.
